// Jest Snapshot v1, https://goo.gl/fbAQLP

exports[`<DetallesFecha /> Deberia mostrar <DetallesFecha/> correctamente 1`] = `
<div
  className="div-general"
>
  <h3>
    Fechas Disponibles
  </h3>
  <div
    className="div-calendario-boton"
  >
    <div
      className="div-detalles-calendario"
    >
      <r
        allowSameDay={false}
        className="form-calendarDate"
        customTimeInput={null}
        dateFormat=" dd 'de' MMM. "
        dateFormatCalendar="LLLL yyyy"
        disabled={false}
        disabledKeyboardNavigation={false}
        dropdownMode="scroll"
        enableTabLoop={true}
        endDate={null}
        excludeScrollbar={true}
        focusSelectedMonth={false}
        inline={true}
        maxDate={2022-11-24T22:39:35.730Z}
        minDate={2021-11-24T22:39:35.730Z}
        monthsShown={2}
        nextMonthAriaLabel="Next Month"
        nextMonthButtonLabel="Next Month"
        nextYearAriaLabel="Next Year"
        nextYearButtonLabel="Next Year"
        onBlur={[Function]}
        onCalendarClose={[Function]}
        onCalendarOpen={[Function]}
        onChange={[Function]}
        onClickOutside={[Function]}
        onFocus={[Function]}
        onInputClick={[Function]}
        onInputError={[Function]}
        onKeyDown={[Function]}
        onMonthChange={[Function]}
        onSelect={[Function]}
        onYearChange={[Function]}
        preventOpenOnFocus={false}
        previousMonthAriaLabel="Previous Month"
        previousMonthButtonLabel="Previous Month"
        previousYearAriaLabel="Previous Year"
        previousYearButtonLabel="Previous Year"
        readOnly={false}
        renderDayContents={[Function]}
        selectsRange={true}
        shouldCloseOnSelect={true}
        showFourColumnMonthYearPicker={false}
        showFullMonthYearPicker={false}
        showMonthYearPicker={false}
        showPopperArrow={true}
        showPreviousMonths={false}
        showQuarterYearPicker={false}
        showTimeInput={false}
        showTimeSelect={false}
        showTwoColumnMonthYearPicker={false}
        showYearPicker={false}
        startDate={null}
        strictParsing={false}
        timeCaption="Time"
        timeInputLabel="Time"
        timeIntervals={30}
        withPortal={false}
        yearItemNumber={12}
      />
    </div>
    <div
      className="div-detallesFecha-button"
    >
      <p>
        Agrega tus fechas de viaje para obtener precios exactos
      </p>
      <Link
        to="/login"
      >
        Iniciar reserva
      </Link>
    </div>
  </div>
</div>
`;
